###
# kubernetes system config
#
# The following values are used to configure the kube-apiserver
#
# Authors
# https://koji.fedoraproject.org/koji/buildinfo?buildID=831577

# The address on the local server to listen to.
KUBE_API_ADDRESS="--insecure-bind-address=127.0.0.1 --bind-address=0.0.0.0"

# The port on the local server to listen on.
KUBE_API_PORT="--insecure-port=8080"

# Port minions listen on
KUBELET_PORT="--kubelet-port=10250"

# Comma separated list of nodes in the etcd cluster
KUBE_ETCD_SERVERS="--etcd-servers=http://etcd:2379"

# Etcd tls arguments.
KUBE_ETCD_TLS=""

# Address range to use for services
KUBE_SERVICE_ADDRESSES="--service-cluster-ip-range=10.254.0.0/16"

# default admission control policies
KUBE_ADMISSION_CONTROL="--admission-control=NamespaceLifecycle,NamespaceExists,LimitRanger,SecurityContextDeny,ServiceAccount,ResourceQuota"

# To secure access from Admission Controllers.
KUBE_TLS_CA=""

# HTTPS certificates.
KUBE_TLS_CERT=""

# Authentication.
KUBE_AUTHENTICATION=""

# Keys used to verify ServiceAccount tokens.
KUBE_SERVICE_ACCOUNT_KEY=""

KUBELET_PREFERRED_ADDRESS_TYPES="--kubelet-preferred-address-types=InternalIP,Hostname,ExternalIP"

KUBELET_TLS=""

# Add your own!
KUBE_API_ARGS=""
