deb https://packages.icinga.com/debian icinga-jessie main
