/bin/bash -s
mkdir -p /var/lib/robobee/tmp
chown 1000 /var/lib/robobee/tmp
chmod o-rwx /var/lib/robobee/tmp
find . -executable -type f -exec cp {} /tmp/junit/junit/usr/local/bin ;
chmod o+rx /tmp/junit/junit/usr/local/bin/*
/bin/bash -s
/bin/bash -s
/bin/bash -s
/bin/bash -s
/bin/bash -s
/bin/bash -s
/bin/bash -s
/bin/bash -s
/bin/bash -s
/bin/bash -s
/bin/bash -s
/bin/bash -s
/bin/bash -s
/bin/bash -s
/bin/bash -s
