--silent http://127.0.0.1:8080/version/
--silent -H Content-Type: application/yaml -XPOST -d/tmp/junit/junit/cat /tmp/junit/junit/srv/kubernetes/manifests/kube-dns-de.yaml http://127.0.0.1:8080/apis/extensions/v1beta1/namespaces/kube-system/deployments
--silent -H Content-Type: application/yaml -XPOST -d/tmp/junit/junit/cat /tmp/junit/junit/srv/kubernetes/manifests/kube-dns-svc.yaml http://127.0.0.1:8080/apis/extensions/v1beta1/namespaces/kube-system/deployments
--silent -H Content-Type: application/yaml -XPOST -d/tmp/junit/junit/cat /tmp/junit/junit/srv/kubernetes/manifests/kube-dns-autoscaler-de.yaml http://127.0.0.1:8080/apis/extensions/v1beta1/namespaces/kube-system/deployments
--silent http://127.0.0.1:8080/version/
--silent -H Content-Type: application/yaml -XPOST -d/tmp/junit/junit/cat /tmp/junit/junit/srv/kubernetes/manifests/heapster-de.yaml http://127.0.0.1:8080/apis/extensions/v1beta1/namespaces/kube-system/deployments
--silent -H Content-Type: application/yaml -XPOST -d/tmp/junit/junit/cat /tmp/junit/junit/srv/kubernetes/manifests/heapster-svc.yaml http://127.0.0.1:8080/apis/extensions/v1beta1/namespaces/kube-system/deployments
--silent http://127.0.0.1:8080/version/
--silent -H Content-Type: application/yaml -XPOST -d/tmp/junit/junit/cat /tmp/junit/junit/srv/kubernetes/manifests/kube-dashboard-de.yaml http://127.0.0.1:8080/apis/extensions/v1beta1/namespaces/kube-system/deployments
--silent -H Content-Type: application/yaml -XPOST -d/tmp/junit/junit/cat /tmp/junit/junit/srv/kubernetes/manifests/kube-dashboard-svc.yaml http://127.0.0.1:8080/apis/extensions/v1beta1/namespaces/kube-system/deployments
--silent http://127.0.0.1:8080/version/
