-C -o KbdInteractiveAuthentication=no -o PreferredAuthentications=gssapi-with-mic,gssapi-keyex,hostbased,publickey -o PasswordAuthentication=no /tmp/junit/junit.tmp user@localhost:/var/lib/robobee/tmp/junit.tmp
-C -o KbdInteractiveAuthentication=no -o PreferredAuthentications=gssapi-with-mic,gssapi-keyex,hostbased,publickey -o PasswordAuthentication=no /tmp/junit/junit.tmp user@localhost:/var/lib/robobee/tmp/junit.tmp
-C -o KbdInteractiveAuthentication=no -o PreferredAuthentications=gssapi-with-mic,gssapi-keyex,hostbased,publickey -o PasswordAuthentication=no /tmp/junit/junit.tmp user@localhost:/var/lib/robobee/tmp/junit.tmp
-C -o KbdInteractiveAuthentication=no -o PreferredAuthentications=gssapi-with-mic,gssapi-keyex,hostbased,publickey -o PasswordAuthentication=no /tmp/junit/junit.tmp user@localhost:/var/lib/robobee/tmp/junit.tmp
-C -o KbdInteractiveAuthentication=no -o PreferredAuthentications=gssapi-with-mic,gssapi-keyex,hostbased,publickey -o PasswordAuthentication=no /tmp/junit/junit.tmp user@localhost:/var/lib/robobee/tmp/junit.tmp
-C -o KbdInteractiveAuthentication=no -o PreferredAuthentications=gssapi-with-mic,gssapi-keyex,hostbased,publickey -o PasswordAuthentication=no /tmp/junit/junit.tmp user@localhost:/var/lib/robobee/tmp/junit.tmp
-C -o KbdInteractiveAuthentication=no -o PreferredAuthentications=gssapi-with-mic,gssapi-keyex,hostbased,publickey -o PasswordAuthentication=no /tmp/junit/junit.tmp user@localhost:/var/lib/robobee/tmp/junit.tmp
-C -o KbdInteractiveAuthentication=no -o PreferredAuthentications=gssapi-with-mic,gssapi-keyex,hostbased,publickey -o PasswordAuthentication=no /tmp/junit/junit/etc/systemd/system/kube-apiserver.service user@localhost:/var/lib/robobee/tmp/kube-apiserver.service
-C -o KbdInteractiveAuthentication=no -o PreferredAuthentications=gssapi-with-mic,gssapi-keyex,hostbased,publickey -o PasswordAuthentication=no /tmp/junit/junit/etc/systemd/system/kube-controller-manager.service user@localhost:/var/lib/robobee/tmp/kube-controller-manager.service
-C -o KbdInteractiveAuthentication=no -o PreferredAuthentications=gssapi-with-mic,gssapi-keyex,hostbased,publickey -o PasswordAuthentication=no /tmp/junit/junit/etc/systemd/system/kube-scheduler.service user@localhost:/var/lib/robobee/tmp/kube-scheduler.service
-C -o KbdInteractiveAuthentication=no -o PreferredAuthentications=gssapi-with-mic,gssapi-keyex,hostbased,publickey -o PasswordAuthentication=no /tmp/junit/junit/etc/systemd/tmpfiles.d/kubernetes.conf user@localhost:/var/lib/robobee/tmp/kubernetes.conf
-C -o KbdInteractiveAuthentication=no -o PreferredAuthentications=gssapi-with-mic,gssapi-keyex,hostbased,publickey -o PasswordAuthentication=no /tmp/junit/junit/etc/kubernetes/config user@localhost:/var/lib/robobee/tmp/config
-C -o KbdInteractiveAuthentication=no -o PreferredAuthentications=gssapi-with-mic,gssapi-keyex,hostbased,publickey -o PasswordAuthentication=no /tmp/junit/junit/etc/kubernetes/apiserver user@localhost:/var/lib/robobee/tmp/apiserver
-C -o KbdInteractiveAuthentication=no -o PreferredAuthentications=gssapi-with-mic,gssapi-keyex,hostbased,publickey -o PasswordAuthentication=no /tmp/junit/junit/etc/kubernetes/controller-manager user@localhost:/var/lib/robobee/tmp/controller-manager
-C -o KbdInteractiveAuthentication=no -o PreferredAuthentications=gssapi-with-mic,gssapi-keyex,hostbased,publickey -o PasswordAuthentication=no /tmp/junit/junit/etc/kubernetes/scheduler user@localhost:/var/lib/robobee/tmp/scheduler
