-p /var/lib/robobee/tmp
-p /tmp/junit/junit/usr/local/bin
-p /tmp/junit/junit/etc/kubernetes /tmp/junit/junit/etc/kubernetes/ssl /tmp/junit/junit/etc/kubernetes/cni/net.d /tmp/junit/junit/etc/systemd/system
-p /var/lib/robobee/tmp
-p /var/lib/robobee/tmp
-p /var/lib/robobee/tmp
-p /var/lib/robobee/tmp
-p /var/lib/robobee/tmp
-p /var/lib/robobee/tmp
-p /var/lib/robobee/tmp
