/bin/bash -s
/bin/bash -s
/bin/bash -s
/bin/bash -s
/bin/bash -s
/bin/bash -s
/bin/bash -s
/bin/bash -s
/bin/bash -s
/bin/bash -s
/bin/bash -s
/bin/bash -s
/bin/bash -s
mkdir -p /var/lib/robobee/tmp
chown /tmp/junit/junit/id -u /var/lib/robobee/tmp
chmod o-rwx /var/lib/robobee/tmp
mv /tmp/junit/junit/basename https://storage.googleapis.com/kubernetes-release/release/v1.8.0/bin/linux/amd64/kubectl /tmp/junit/junit/usr/local/bin
/bin/bash -s
/bin/bash -s
/bin/bash -s
/bin/bash -s
/bin/bash -s
/bin/bash -s
/bin/bash -s
/bin/bash -s
/bin/bash -s
/bin/bash -s
/bin/bash -s
/bin/bash -s
/bin/bash -s
/bin/bash -s
/bin/bash -s
/bin/bash -s
/bin/bash -s
/bin/bash -s
/bin/bash -s
/bin/bash -s
/bin/bash -s
/bin/bash -s
/bin/bash -s
/bin/bash -s
/bin/bash -s
/bin/bash -s
/bin/bash -s
/bin/bash -s
/bin/bash -s
/bin/bash -s
/bin/bash -s
/bin/bash -s
/bin/bash -s
/bin/bash -s
/bin/bash -s
/bin/bash -s
/bin/bash -s
