# Auto-Generated from Robobee
# Authors
# https://github.com/coreos/coreos-kubernetes/blob/master/multi-node/generic/controller-install.sh
#
# /tmp/junit/junit/etc/kubernetes/manifests/kube-apiserver.yml
apiVersion: v1
kind: Pod
metadata:
  name: kube-apiserver
  namespace: kube-system
spec:
  hostNetwork: true
  containers:
  - name: kube-apiserver
    image: quay.io/coreos/hyperkube:v1.7.6_coreos.0
    command:
    - /hyperkube
    - apiserver
    - --bind-address=0.0.0.0
    - --etcd-servers=http://etcd-0:2379
    - --allow-privileged=true
    - --service-cluster-ip-range=10.3.0.0/24
    - --insecure-port=8080
    - --secure-port=443
    - --advertise-address=192.168.0.100
    - --admission-control=NamespaceLifecycle,LimitRanger,ServiceAccount,DefaultStorageClass,ResourceQuota
    - --tls-cert-file=/tmp/junit/junit/etc/kubernetes/ssl/kub_tls_cert.pem
    - --tls-private-key-file=/tmp/junit/junit/etc/kubernetes/ssl/kub_tls_key.pem
    - --client-ca-file=/tmp/junit/junit/etc/kubernetes/ssl/client_ca.pem
    - --service-account-key-file=/tmp/junit/junit/etc/kubernetes/ssl/account_tls_key.pem
    - --runtime-config=extensions/v1beta1/networkpolicies=true
    - --anonymous-auth=false
    livenessProbe:
      httpGet:
        host: 127.0.0.1
        port: 8080
        path: /healthz
      initialDelaySeconds: 15
      timeoutSeconds: 15
    ports:
    - containerPort: 443
      hostPort: 443
      name: https
    - containerPort: 8080
      hostPort: 8080
      name: local
    volumeMounts:
    - mountPath: /etc/kubernetes/ssl
      name: ssl-certs-kubernetes
      readOnly: true
    - mountPath: /etc/ssl/certs
      name: ssl-certs-host
      readOnly: true
  volumes:
  - hostPath:
      path: /etc/kubernetes/ssl
    name: ssl-certs-kubernetes
  - hostPath:
      path: /usr/share/ca-certificates
    name: ssl-certs-host
