-C -o ControlPath=/tmp/user@localhost:22 -o KbdInteractiveAuthentication=no -o PreferredAuthentications=gssapi-with-mic,gssapi-keyex,hostbased,publickey -o PasswordAuthentication=no /tmp/junit/junit/etc/systemd/system/docker.service.d/10_kube_options.conf user@localhost:/var/lib/robobee/tmp/10_kube_options.conf
-C -o ControlPath=/tmp/user@localhost:22 -o KbdInteractiveAuthentication=no -o PreferredAuthentications=gssapi-with-mic,gssapi-keyex,hostbased,publickey -o PasswordAuthentication=no user@localhost:/var/lib/robobee/tmp/sysctl.conf /tmp/replace.dest
-C -o ControlPath=/tmp/user@localhost:22 -o KbdInteractiveAuthentication=no -o PreferredAuthentications=gssapi-with-mic,gssapi-keyex,hostbased,publickey -o PasswordAuthentication=no /tmp/replace.dest user@localhost:/var/lib/robobee/tmp/replace.dest
-C -o ControlPath=/tmp/user@localhost:22 -o KbdInteractiveAuthentication=no -o PreferredAuthentications=gssapi-with-mic,gssapi-keyex,hostbased,publickey -o PasswordAuthentication=no /tmp/robobeekub_tls_ca user@localhost:/var/lib/robobee/tmp/robobeekub_tls_ca
-C -o ControlPath=/tmp/user@localhost:22 -o KbdInteractiveAuthentication=no -o PreferredAuthentications=gssapi-with-mic,gssapi-keyex,hostbased,publickey -o PasswordAuthentication=no /tmp/robobeekub_tls_cert user@localhost:/var/lib/robobee/tmp/robobeekub_tls_cert
-C -o ControlPath=/tmp/user@localhost:22 -o KbdInteractiveAuthentication=no -o PreferredAuthentications=gssapi-with-mic,gssapi-keyex,hostbased,publickey -o PasswordAuthentication=no /tmp/robobeekub_tls_key user@localhost:/var/lib/robobee/tmp/robobeekub_tls_key
-C -o ControlPath=/tmp/user@localhost:22 -o KbdInteractiveAuthentication=no -o PreferredAuthentications=gssapi-with-mic,gssapi-keyex,hostbased,publickey -o PasswordAuthentication=no /tmp/robobeekubelet_tls_ca user@localhost:/var/lib/robobee/tmp/robobeekubelet_tls_ca
-C -o ControlPath=/tmp/user@localhost:22 -o KbdInteractiveAuthentication=no -o PreferredAuthentications=gssapi-with-mic,gssapi-keyex,hostbased,publickey -o PasswordAuthentication=no /tmp/robobeekubelet_tls_cert user@localhost:/var/lib/robobee/tmp/robobeekubelet_tls_cert
-C -o ControlPath=/tmp/user@localhost:22 -o KbdInteractiveAuthentication=no -o PreferredAuthentications=gssapi-with-mic,gssapi-keyex,hostbased,publickey -o PasswordAuthentication=no /tmp/robobeekubelet_tls_key user@localhost:/var/lib/robobee/tmp/robobeekubelet_tls_key
-C -o ControlPath=/tmp/user@localhost:22 -o KbdInteractiveAuthentication=no -o PreferredAuthentications=gssapi-with-mic,gssapi-keyex,hostbased,publickey -o PasswordAuthentication=no /tmp/robobeeaccount_tls_ca user@localhost:/var/lib/robobee/tmp/robobeeaccount_tls_ca
-C -o ControlPath=/tmp/user@localhost:22 -o KbdInteractiveAuthentication=no -o PreferredAuthentications=gssapi-with-mic,gssapi-keyex,hostbased,publickey -o PasswordAuthentication=no /tmp/robobeeaccount_tls_key user@localhost:/var/lib/robobee/tmp/robobeeaccount_tls_key
-C -o ControlPath=/tmp/user@localhost:22 -o KbdInteractiveAuthentication=no -o PreferredAuthentications=gssapi-with-mic,gssapi-keyex,hostbased,publickey -o PasswordAuthentication=no /tmp/robobeeclient_ca user@localhost:/var/lib/robobee/tmp/robobeeclient_ca
-C -o ControlPath=/tmp/user@localhost:22 -o KbdInteractiveAuthentication=no -o PreferredAuthentications=gssapi-with-mic,gssapi-keyex,hostbased,publickey -o PasswordAuthentication=no /tmp/junit/junit/etc/systemd/system/kubelet.service user@localhost:/var/lib/robobee/tmp/kubelet.service
-C -o ControlPath=/tmp/user@localhost:22 -o KbdInteractiveAuthentication=no -o PreferredAuthentications=gssapi-with-mic,gssapi-keyex,hostbased,publickey -o PasswordAuthentication=no /tmp/junit/junit/usr/local/bin/kubelet-wrapper user@localhost:/var/lib/robobee/tmp/kubelet-wrapper
-C -o ControlPath=/tmp/user@localhost:22 -o KbdInteractiveAuthentication=no -o PreferredAuthentications=gssapi-with-mic,gssapi-keyex,hostbased,publickey -o PasswordAuthentication=no /tmp/junit/junit/etc/sysconfig/kubelet user@localhost:/var/lib/robobee/tmp/kubelet
-C -o ControlPath=/tmp/user@localhost:22 -o KbdInteractiveAuthentication=no -o PreferredAuthentications=gssapi-with-mic,gssapi-keyex,hostbased,publickey -o PasswordAuthentication=no /tmp/junit/junit/etc/kubernetes/kubelet.yaml user@localhost:/var/lib/robobee/tmp/kubelet.yaml
-C -o ControlPath=/tmp/user@localhost:22 -o KbdInteractiveAuthentication=no -o PreferredAuthentications=gssapi-with-mic,gssapi-keyex,hostbased,publickey -o PasswordAuthentication=no /tmp/junit/junit/etc/kubernetes/manifests/kube-proxy.yaml user@localhost:/var/lib/robobee/tmp/kube-proxy.yaml
-C -o ControlPath=/tmp/user@localhost:22 -o KbdInteractiveAuthentication=no -o PreferredAuthentications=gssapi-with-mic,gssapi-keyex,hostbased,publickey -o PasswordAuthentication=no /tmp/junit/junit/etc/kubernetes/manifests/kube-apiserver.yaml user@localhost:/var/lib/robobee/tmp/kube-apiserver.yaml
-C -o ControlPath=/tmp/user@localhost:22 -o KbdInteractiveAuthentication=no -o PreferredAuthentications=gssapi-with-mic,gssapi-keyex,hostbased,publickey -o PasswordAuthentication=no /tmp/junit/junit/etc/kubernetes/manifests/kube-controller-manager.yaml user@localhost:/var/lib/robobee/tmp/kube-controller-manager.yaml
-C -o ControlPath=/tmp/user@localhost:22 -o KbdInteractiveAuthentication=no -o PreferredAuthentications=gssapi-with-mic,gssapi-keyex,hostbased,publickey -o PasswordAuthentication=no /tmp/junit/junit/etc/kubernetes/manifests/kube-scheduler.yaml user@localhost:/var/lib/robobee/tmp/kube-scheduler.yaml
-C -o ControlPath=/tmp/user@localhost:22 -o KbdInteractiveAuthentication=no -o PreferredAuthentications=gssapi-with-mic,gssapi-keyex,hostbased,publickey -o PasswordAuthentication=no /tmp/junit/junit/srv/kubernetes/manifests/kube-dns-de.yaml user@localhost:/var/lib/robobee/tmp/kube-dns-de.yaml
-C -o ControlPath=/tmp/user@localhost:22 -o KbdInteractiveAuthentication=no -o PreferredAuthentications=gssapi-with-mic,gssapi-keyex,hostbased,publickey -o PasswordAuthentication=no /tmp/junit/junit/srv/kubernetes/manifests/kube-dns-autoscaler-de.yaml user@localhost:/var/lib/robobee/tmp/kube-dns-autoscaler-de.yaml
-C -o ControlPath=/tmp/user@localhost:22 -o KbdInteractiveAuthentication=no -o PreferredAuthentications=gssapi-with-mic,gssapi-keyex,hostbased,publickey -o PasswordAuthentication=no /tmp/junit/junit/srv/kubernetes/manifests/kube-dns-svc.yaml user@localhost:/var/lib/robobee/tmp/kube-dns-svc.yaml
-C -o ControlPath=/tmp/user@localhost:22 -o KbdInteractiveAuthentication=no -o PreferredAuthentications=gssapi-with-mic,gssapi-keyex,hostbased,publickey -o PasswordAuthentication=no /tmp/junit/junit/srv/kubernetes/manifests/kube-dashboard-de.yaml user@localhost:/var/lib/robobee/tmp/kube-dashboard-de.yaml
-C -o ControlPath=/tmp/user@localhost:22 -o KbdInteractiveAuthentication=no -o PreferredAuthentications=gssapi-with-mic,gssapi-keyex,hostbased,publickey -o PasswordAuthentication=no /tmp/junit/junit/srv/kubernetes/manifests/kube-dashboard-svc.yaml user@localhost:/var/lib/robobee/tmp/kube-dashboard-svc.yaml
-C -o ControlPath=/tmp/user@localhost:22 -o KbdInteractiveAuthentication=no -o PreferredAuthentications=gssapi-with-mic,gssapi-keyex,hostbased,publickey -o PasswordAuthentication=no /tmp/junit/junit/srv/kubernetes/manifests/calico.yaml user@localhost:/var/lib/robobee/tmp/calico.yaml
-C -o ControlPath=/tmp/user@localhost:22 -o KbdInteractiveAuthentication=no -o PreferredAuthentications=gssapi-with-mic,gssapi-keyex,hostbased,publickey -o PasswordAuthentication=no /tmp/junit/junit/usr/local/bin/host-rkt user@localhost:/var/lib/robobee/tmp/host-rkt
-C -o ControlPath=/tmp/user@localhost:22 -o KbdInteractiveAuthentication=no -o PreferredAuthentications=gssapi-with-mic,gssapi-keyex,hostbased,publickey -o PasswordAuthentication=no /tmp/junit/junit/etc/kubernetes/cni/net.d/10-flannel.conf user@localhost:/var/lib/robobee/tmp/10-flannel.conf
