/var/lib/robobee/tmp/id_rsa.tmp /tmp/junit/junit.tmp
