list installed wget
list installed expect
list installed wget
install -y wget
list installed expect
install -y expect
list installed postfix
