total 48
-rw-r----- 1 etcd root 6729 date client_ca.pem
-rw-r----- 1 etcd root 2305 date client_cert.pem
-rw-r----- 1 etcd root 3243 date client_key.pem
-rw-r----- 1 etcd root 6729 date etcd_ca.pem
-rw-r----- 1 etcd root 2809 date etcd_cert.pem
-rw-r----- 1 etcd root 3243 date etcd_key.pem
-rw-r----- 1 etcd root 6729 date peer_ca.pem
-rw-r----- 1 etcd root 2809 date peer_cert.pem
-rw-r----- 1 etcd root 3243 date peer_key.pem
