-C -o ControlPath=/tmp/user@localhost:22 -o KbdInteractiveAuthentication=no -o PreferredAuthentications=gssapi-with-mic,gssapi-keyex,hostbased,publickey -o PasswordAuthentication=no /tmp/junit/junit/etc/systemd/system/etcd-gateway.service user@localhost:/var/lib/robobee/tmp/etcd-gateway.service
-C -o ControlPath=/tmp/user@localhost:22 -o KbdInteractiveAuthentication=no -o PreferredAuthentications=gssapi-with-mic,gssapi-keyex,hostbased,publickey -o PasswordAuthentication=no /tmp/junit/junit/etc/etcd/etcd-gateway.conf user@localhost:/var/lib/robobee/tmp/etcd-gateway.conf
-C -o ControlPath=/tmp/user@localhost:22 -o KbdInteractiveAuthentication=no -o PreferredAuthentications=gssapi-with-mic,gssapi-keyex,hostbased,publickey -o PasswordAuthentication=no /tmp/robobeeclient_ca user@localhost:/var/lib/robobee/tmp/robobeeclient_ca
-C -o ControlPath=/tmp/user@localhost:22 -o KbdInteractiveAuthentication=no -o PreferredAuthentications=gssapi-with-mic,gssapi-keyex,hostbased,publickey -o PasswordAuthentication=no /tmp/junit/junit/usr/local/share/etcdctl-vars user@localhost:/var/lib/robobee/tmp/etcdctl-vars
