
status
allow from 10.0.1.10 to 10.0.1.10 port 2379
allow from 10.0.1.11 to 10.0.1.10 port 2379
allow from 10.0.1.12 to 10.0.1.10 port 2379
allow from 10.0.1.10 to 10.0.1.10 port 2380
allow from 10.0.1.11 to 10.0.1.10 port 2380
allow from 10.0.1.12 to 10.0.1.10 port 2380
