-C -o ControlPath=/tmp/user@localhost:22 -o KbdInteractiveAuthentication=no -o PreferredAuthentications=gssapi-with-mic,gssapi-keyex,hostbased,publickey -o PasswordAuthentication=no /tmp/junit/junit/etc/systemd/system/etcd.service user@localhost:/var/lib/robobee/tmp/etcd.service
-C -o ControlPath=/tmp/user@localhost:22 -o KbdInteractiveAuthentication=no -o PreferredAuthentications=gssapi-with-mic,gssapi-keyex,hostbased,publickey -o PasswordAuthentication=no /tmp/junit/junit/etc/etcd/etcd.conf user@localhost:/var/lib/robobee/tmp/etcd.conf
