total 48
-rw-r----- 1 etcd root 6733 date client_ca.pem
-rw-r----- 1 etcd root 2309 date client_cert.pem
-rw-r----- 1 etcd root 3243 date client_key.pem
-rw-r----- 1 etcd root 6733 date etcd_ca.pem
-rw-r----- 1 etcd root 2764 date etcd_cert.pem
-rw-r----- 1 etcd root 3243 date etcd_key.pem
-rw-r----- 1 etcd root 6733 date peer_ca.pem
-rw-r----- 1 etcd root 2764 date peer_cert.pem
-rw-r----- 1 etcd root 3243 date peer_key.pem
