stop etcd-gateway
daemon-reload
enable etcd-gateway
start etcd-gateway
status etcd-gateway
