(Not all processes could be identified, non-owned process info
 will not be shown, you would have to be root to see it all.)
tcp        0      0 127.0.0.1:2379          0.0.0.0:*               LISTEN      -                   
