config use-context default-system
apply -f ./wordpress-deployment.yaml
config use-context default-system
apply -f ./mysql-deployment.yaml
