clone git://git@github.com:user/wordpress-app.git
