-y install icinga2=2.6.3-1~debmon8+1
-y install nagios-plugins=2.2-3~bpo8+1
