#ROBOBEE_BEGIN
GRUB_CMDLINE_LINUX="cgroup_enable=memory swapaccount=1"
#ROBOBEE_END
