
status

status
allow from 127.0.0.1 to any port 8472 proto udp
allow from 127.0.0.1 to any port 8472 proto udp

status
allow from 127.0.0.1 to any port 8472 proto udp
allow from 127.0.0.1 to any port 8472 proto udp
