o-rwx /var/lib/robobee/tmp
+x /tmp/junit/junit/usr/local/bin/kubectl
