/var/lib/robobee/tmp/10_kube_options.conf /tmp/junit/junit/etc/systemd/system/docker.service.d/10_kube_options.conf
/tmp/junit/junit/etc/modules /var/lib/robobee/tmp
/var/lib/robobee/tmp/replace.dest /tmp/junit/junit/etc/modules
/var/lib/robobee/tmp/robobeekubelet_tls_ca /tmp/junit/junit/etc/kubernetes/ssl/kubelet_tls_ca.pem
/var/lib/robobee/tmp/robobeekubelet_tls_cert /tmp/junit/junit/etc/kubernetes/ssl/kubelet_tls_cert.pem
/var/lib/robobee/tmp/robobeekubelet_tls_key /tmp/junit/junit/etc/kubernetes/ssl/kubelet_tls_key.pem
/var/lib/robobee/tmp/robobeekubelet_client_ca /tmp/junit/junit/etc/kubernetes/ssl/kubelet_client_ca.pem
/var/lib/robobee/tmp/robobeekubelet_client_cert /tmp/junit/junit/etc/kubernetes/ssl/kubelet_client_cert.pem
/var/lib/robobee/tmp/robobeekubelet_client_key /tmp/junit/junit/etc/kubernetes/ssl/kubelet_client_key.pem
/var/lib/robobee/tmp/kubelet.service /tmp/junit/junit/etc/systemd/system/kubelet.service
/var/lib/robobee/tmp/kubelet-wrapper /tmp/junit/junit/usr/local/bin/kubelet-wrapper
/var/lib/robobee/tmp/kubelet /tmp/junit/junit/etc/sysconfig/kubelet
/var/lib/robobee/tmp/kubelet.yaml /tmp/junit/junit/etc/kubernetes/kubelet.yaml
/var/lib/robobee/tmp/kube-proxy.yaml /tmp/junit/junit/etc/kubernetes/manifests/kube-proxy.yaml
/var/lib/robobee/tmp/host-rkt /tmp/junit/junit/usr/local/bin/host-rkt
/var/lib/robobee/tmp/10-flannel.conf /tmp/junit/junit/etc/kubernetes/cni/net.d/10-flannel.conf
/var/lib/robobee/tmp/worker-kubeconfig.yaml /tmp/junit/junit/etc/kubernetes/worker-kubeconfig.yaml
