###
# Flanneld configuration options
# Authors
# https://koji.fedoraproject.org/koji/buildinfo?buildID=835476

# etcd url location.  Point this to the server where etcd runs
FLANNEL_ETCD_ENDPOINTS="https://127.0.0.1:2379"

# etcd certificates.
FLANNELD_ETCD_KEYFILE="/tmp/junit/junit/etc/flanneld/ssl/ectd_key.pem"
FLANNELD_ETCD_CERTFILE="/tmp/junit/junit/etc/flanneld/ssl/ectd_cert.pem"
FLANNELD_ETCD_CAFILE="/tmp/junit/junit/etc/flanneld/ssl/ectd_ca.pem"

# etcd config key.  This is the configuration key that flannel queries
# For address range assignment
FLANNEL_ETCD_PREFIX="/atomic.io/network"

# interface to use (IP or name) for inter-host communication.
FLANNEL_IFACE=""

# Any additional options that you want to pass
#FLANNEL_OPTIONS=""
