/bin/bash -s
/bin/bash -s
/bin/bash -s
mkdir -p /var/lib/robobee/tmp
chown /tmp/junit/junit/id -u /var/lib/robobee/tmp
chmod o-rwx /var/lib/robobee/tmp
mkdir -p /tmp/junit/junit/usr/local/bin
mv flanneld /tmp/junit/junit/usr/local/bin
chown root.root /tmp/junit/junit/usr/local/bin/flanneld
chmod -w /tmp/junit/junit/usr/local/bin/flanneld
mkdir -p /tmp/junit/junit/usr/libexec/flannel
mv mk-docker-opts.sh /tmp/junit/junit/usr/libexec/flannel
chown root.root /tmp/junit/junit/usr/libexec/flannel/mk-docker-opts.sh
chmod -w /tmp/junit/junit/usr/libexec/flannel/mk-docker-opts.sh
/bin/bash -s
/bin/bash -s
/bin/bash -s
/bin/bash -s
/bin/bash -s
/bin/bash -s
/bin/bash -s
/bin/bash -s
/bin/bash -s
/bin/bash -s
/bin/bash -s
/bin/bash -s
/bin/bash -s
/bin/bash -s
/bin/bash -s
/bin/bash -s
/bin/bash -s
/bin/bash -s
/bin/bash -s
/bin/bash -s
/bin/bash -s
/bin/bash -s
/bin/bash -s
cp /tmp/junit/junit/etc/flanneld/ssl/ectd_ca.pem .
cp /tmp/junit/junit/etc/flanneld/ssl/ectd_cert.pem .
cp /tmp/junit/junit/etc/flanneld/ssl/ectd_key.pem .
chown /tmp/junit/junit/id -u./tmp/junit/junit/id -u -R /tmp/junit/junit/mktemp -d/*
/bin/bash -s
/bin/bash -s
/bin/bash -s
