list installed epel-release
install -y epel-release
list installed collectd
install -y collectd
