mkdir -p /var/lib/robobee/tmp
chown ./id -u /var/lib/robobee/tmp
chmod o-rwx /var/lib/robobee/tmp
