-rwxr-xr-x 1 root root 21205912 date /usr/bin/rkt
